{"width":1440,"locale":"zh","name":"nav-okr","pass":true}
{"width":1440,"locale":"zh","name":"nav-journey","pass":true}
{"width":1440,"locale":"zh","name":"nav-knowledge","pass":true}
{"width":1440,"locale":"zh","name":"about-skills","pass":true}
{"width":1440,"locale":"zh","name":"now-activities","pass":true}
{"width":1440,"locale":"zh","name":"work-projects","pass":true}
{"width":1440,"locale":"zh","name":"capability-skills","pass":true}
{"width":1440,"locale":"zh","name":"journey-full","pass":true}
{"width":1440,"locale":"zh","name":"journey-resume","pass":true}
{"width":1440,"locale":"en","name":"nav-okr","pass":true}
{"width":1440,"locale":"en","name":"nav-journey","pass":true}
{"width":1440,"locale":"en","name":"nav-knowledge","pass":true}
{"width":1440,"locale":"en","name":"about-skills","pass":true}
{"width":1440,"locale":"en","name":"now-activities","pass":true}
{"width":1440,"locale":"en","name":"work-projects","pass":true}
{"width":1440,"locale":"en","name":"capability-skills","pass":true}
{"width":1440,"locale":"en","name":"journey-full","pass":true}
{"width":1440,"locale":"en","name":"journey-resume","pass":true}
{"width":375,"locale":"zh","name":"nav-okr","pass":true}
{"width":375,"locale":"zh","name":"nav-journey","pass":true}
{"width":375,"locale":"zh","name":"nav-knowledge","pass":true}
{"width":375,"locale":"zh","name":"about-skills","pass":true}
{"width":375,"locale":"zh","name":"now-activities","pass":true}
{"width":375,"locale":"zh","name":"work-projects","pass":true}
{"width":375,"locale":"zh","name":"capability-skills","pass":true}
{"width":375,"locale":"zh","name":"journey-full","pass":true}
{"width":375,"locale":"zh","name":"journey-resume","pass":true}
{"width":375,"locale":"en","name":"nav-okr","pass":true}
{"width":375,"locale":"en","name":"nav-journey","pass":true}
{"width":375,"locale":"en","name":"nav-knowledge","pass":true}
{"width":375,"locale":"en","name":"about-skills","pass":true}
{"width":375,"locale":"en","name":"now-activities","pass":true}
{"width":375,"locale":"en","name":"work-projects","pass":true}
{"width":375,"locale":"en","name":"capability-skills","pass":true}
{"width":375,"locale":"en","name":"journey-full","pass":true}
{"width":375,"locale":"en","name":"journey-resume","pass":true}
{"pass":true,"passed":36,"total":36,"pageErrors":[],"httpErrors":[],"cleanup":{"browserClosed":true,"databaseDisconnected":true,"serverExited":true,"databaseDeleted":false}}
