
 RUN  v4.0.16 C:/Users/23399/Desktop/sqtan/WorkStation/.worktrees/homepage-visual-editor

 ❯ tests/site-content-schema.test.ts (21 tests | 1 failed) 57ms
     ✓ accepts a complete bilingual site snapshot 2ms
     ✓ supplies deterministic settings for legacy snapshots 2ms
     ✓ rejects remote homepage images 2ms
     ✓ rejects homepage image paths that normalize outside their allowed route: /images/../admin/login 6ms
     ✓ rejects homepage image paths that normalize outside their allowed route: /images/%2e%2e/admin/login 2ms
     ✓ rejects homepage image paths that normalize outside their allowed route: /images/.%2e/admin/login 2ms
     ✓ rejects homepage image paths that normalize outside their allowed route: /images/%2E./admin/login 2ms
     ✓ rejects homepage image paths that normalize outside their allowed route: /images/..\admin\login 3ms
     × rejects homepage image paths that normalize outside their allowed route: /images/../api/assets/unvalidated-image 10ms
     ✓ rejects homepage image paths that normalize outside their allowed route: /api/assets/.. 1ms
     ✓ rejects homepage image paths that normalize outside their allowed route: /api/assets/%2e%2e 2ms
     ✓ rejects homepage image paths that normalize outside their allowed route: /api/assets/image\nested 1ms
     ✓ preserves allowed homepage image paths: /images/zedian-portrait-v3.png 2ms
     ✓ preserves allowed homepage image paths: /images/projects/portrait.webp 1ms
     ✓ preserves allowed homepage image paths: /images/人物图.png 2ms
     ✓ preserves allowed homepage image paths: /images/portrait%20photo.png 1ms
     ✓ preserves allowed homepage image paths: /api/assets/homepage-image-1 1ms
     ✓ distinguishes legacy projects from explicit structured selections 1ms
     ✓ rejects a snapshot missing a required locale section 1ms
     ✓ rejects empty required text and incomplete projects 1ms
     ✓ permits unfinished editable copy while retaining strict image paths 8ms

⎯⎯⎯⎯⎯⎯⎯ Failed Tests 1 ⎯⎯⎯⎯⎯⎯⎯

 FAIL  tests/site-content-schema.test.ts > siteContentSchema > rejects homepage image paths that normalize outside their allowed route: /images/../api/assets/unvalidated-image
AssertionError: expected true to be false // Object.is equality

- Expected
+ Received

- false
+ true

 ❯ tests/site-content-schema.test.ts:130:58
    128|     content.settings.portraitImage = path;
    129| 
    130|     expect(siteContentSchema.safeParse(content).success).toBe(false);
       |                                                          ^
    131|     expect(siteContentEditingSchema.safeParse(content).success).toBe(f…
    132|   });

⎯⎯⎯⎯⎯⎯⎯⎯⎯⎯⎯⎯⎯⎯⎯⎯⎯⎯⎯⎯⎯⎯⎯⎯[1/1]⎯


 Test Files  1 failed (1)
      Tests  1 failed | 20 passed (21)
   Start at  16:50:25
   Duration  496ms (transform 88ms, setup 0ms, import 163ms, tests 57ms, environment 0ms)

